// Jest Snapshot v1, https://goo.gl/fbAQLP

exports[`<Events /> renders 1`] = `ShallowWrapper {}`;

exports[`<Events /> shallow 1`] = `ShallowWrapper {}`;

exports[`<Events /> shallow 2`] = `ShallowWrapper {}`;
