// Jest Snapshot v1, https://goo.gl/fbAQLP

exports[`<Events /> shallow 1`] = `ShallowWrapper {}`;
